10-Aug-2026 00:42:54.281 INFO [main] org.apache.catalina.startup.VersionLoggerListener.log Server version name:   Apache Tomcat/9.0.120
10-Aug-2026 00:42:54.285 INFO [main] org.apache.catalina.startup.VersionLoggerListener.log Server built:          Jul 3 2026 07:49:53 UTC
10-Aug-2026 00:42:54.286 INFO [main] org.apache.catalina.startup.VersionLoggerListener.log Server version number: 9.0.120.0
10-Aug-2026 00:42:54.286 INFO [main] org.apache.catalina.startup.VersionLoggerListener.log OS Name:               Windows 11
10-Aug-2026 00:42:54.286 INFO [main] org.apache.catalina.startup.VersionLoggerListener.log OS Version:            10.0
10-Aug-2026 00:42:54.286 INFO [main] org.apache.catalina.startup.VersionLoggerListener.log Architecture:          amd64
10-Aug-2026 00:42:54.286 INFO [main] org.apache.catalina.startup.VersionLoggerListener.log Java Home:             C:\Program Files\Java\jdk-17
10-Aug-2026 00:42:54.286 INFO [main] org.apache.catalina.startup.VersionLoggerListener.log JVM Version:           17.0.8+9-LTS-211
10-Aug-2026 00:42:54.287 INFO [main] org.apache.catalina.startup.VersionLoggerListener.log JVM Vendor:            Oracle Corporation
10-Aug-2026 00:42:54.287 INFO [main] org.apache.catalina.startup.VersionLoggerListener.log CATALINA_BASE:         C:\Drive E\BridgeLabz-Training\Day-5\apache-tomcat-9.0.120
10-Aug-2026 00:42:54.287 INFO [main] org.apache.catalina.startup.VersionLoggerListener.log CATALINA_HOME:         C:\Drive E\BridgeLabz-Training\Day-5\apache-tomcat-9.0.120
10-Aug-2026 00:42:54.303 INFO [main] org.apache.catalina.startup.VersionLoggerListener.log Command line argument: --add-opens=java.base/java.lang=ALL-UNNAMED
10-Aug-2026 00:42:54.304 INFO [main] org.apache.catalina.startup.VersionLoggerListener.log Command line argument: --add-opens=java.base/java.lang.invoke=ALL-UNNAMED
10-Aug-2026 00:42:54.304 INFO [main] org.apache.catalina.startup.VersionLoggerListener.log Command line argument: --add-opens=java.base/java.lang.reflect=ALL-UNNAMED
10-Aug-2026 00:42:54.304 INFO [main] org.apache.catalina.startup.VersionLoggerListener.log Command line argument: --add-opens=java.base/java.io=ALL-UNNAMED
10-Aug-2026 00:42:54.304 INFO [main] org.apache.catalina.startup.VersionLoggerListener.log Command line argument: --add-opens=java.base/java.util=ALL-UNNAMED
10-Aug-2026 00:42:54.305 INFO [main] org.apache.catalina.startup.VersionLoggerListener.log Command line argument: --add-opens=java.base/java.util.concurrent=ALL-UNNAMED
10-Aug-2026 00:42:54.305 INFO [main] org.apache.catalina.startup.VersionLoggerListener.log Command line argument: --add-opens=java.rmi/sun.rmi.transport=ALL-UNNAMED
10-Aug-2026 00:42:54.305 INFO [main] org.apache.catalina.startup.VersionLoggerListener.log Command line argument: -Djava.util.logging.config.file=C:\Drive E\BridgeLabz-Training\Day-5\apache-tomcat-9.0.120\conf\logging.properties
10-Aug-2026 00:42:54.305 INFO [main] org.apache.catalina.startup.VersionLoggerListener.log Command line argument: -Djava.util.logging.manager=org.apache.juli.ClassLoaderLogManager
10-Aug-2026 00:42:54.306 INFO [main] org.apache.catalina.startup.VersionLoggerListener.log Command line argument: -Djdk.tls.ephemeralDHKeySize=2048
10-Aug-2026 00:42:54.306 INFO [main] org.apache.catalina.startup.VersionLoggerListener.log Command line argument: -Djava.protocol.handler.pkgs=org.apache.catalina.webresources
10-Aug-2026 00:42:54.306 INFO [main] org.apache.catalina.startup.VersionLoggerListener.log Command line argument: -Dsun.io.useCanonCaches=false
10-Aug-2026 00:42:54.306 INFO [main] org.apache.catalina.startup.VersionLoggerListener.log Command line argument: -Dignore.endorsed.dirs=
10-Aug-2026 00:42:54.307 INFO [main] org.apache.catalina.startup.VersionLoggerListener.log Command line argument: -Dcatalina.base=C:\Drive E\BridgeLabz-Training\Day-5\apache-tomcat-9.0.120
10-Aug-2026 00:42:54.307 INFO [main] org.apache.catalina.startup.VersionLoggerListener.log Command line argument: -Dcatalina.home=C:\Drive E\BridgeLabz-Training\Day-5\apache-tomcat-9.0.120
10-Aug-2026 00:42:54.307 INFO [main] org.apache.catalina.startup.VersionLoggerListener.log Command line argument: -Djava.io.tmpdir=C:\Drive E\BridgeLabz-Training\Day-5\apache-tomcat-9.0.120\temp
10-Aug-2026 00:42:54.313 INFO [main] org.apache.catalina.core.AprLifecycleListener.lifecycleEvent The Apache Tomcat Native library which allows using OpenSSL was not found on the java.library.path: [C:\Program Files\Java\jdk-17\bin;C:\WINDOWS\Sun\Java\bin;C:\WINDOWS\system32;C:\WINDOWS;C:\Program Files\Common Files\Oracle\Java\javapath;C:\WINDOWS\system32;C:\WINDOWS;C:\WINDOWS\System32\Wbem;C:\WINDOWS\System32\WindowsPowerShell\v1.0\;C:\WINDOWS\System32\OpenSSH\;C:\Program Files\Git\cmd;C:\Program Files\nodejs\;C:\Program Files\Docker\Docker\resources\bin;C:\Program Files\Cloudflare\Cloudflare WARP\;C:\Program Files\MySQL\MySQL Shell 8.0\bin\;C:\Users\gdivy\AppData\Local\Microsoft\WindowsApps;;C:\Users\gdivy\AppData\Local\Programs\Microsoft VS Code\bin;C:\Users\gdivy\AppData\Roaming\npm;.]
10-Aug-2026 00:42:54.640 INFO [main] org.apache.coyote.AbstractProtocol.init Initializing ProtocolHandler ["http-nio-8080"]
10-Aug-2026 00:42:54.690 INFO [main] org.apache.catalina.startup.Catalina.load Server initialization in [640] milliseconds
10-Aug-2026 00:42:54.791 INFO [main] org.apache.catalina.core.StandardService.startInternal Starting service [Catalina]
10-Aug-2026 00:42:54.792 INFO [main] org.apache.catalina.core.StandardEngine.startInternal Starting Servlet engine: [Apache Tomcat/9.0.120]
10-Aug-2026 00:42:54.818 INFO [main] org.apache.catalina.startup.HostConfig.deployWAR Deploying web application archive [C:\Drive E\BridgeLabz-Training\Day-5\apache-tomcat-9.0.120\webapps\FirstServletProject.war]
10-Aug-2026 00:42:55.435 INFO [main] org.apache.catalina.startup.HostConfig.deployWAR Deployment of web application archive [C:\Drive E\BridgeLabz-Training\Day-5\apache-tomcat-9.0.120\webapps\FirstServletProject.war] has finished in [616] ms
10-Aug-2026 00:42:55.436 INFO [main] org.apache.catalina.startup.HostConfig.deployDirectory Deploying web application directory [C:\Drive E\BridgeLabz-Training\Day-5\apache-tomcat-9.0.120\webapps\docs]
10-Aug-2026 00:42:55.497 INFO [main] org.apache.catalina.startup.HostConfig.deployDirectory Deployment of web application directory [C:\Drive E\BridgeLabz-Training\Day-5\apache-tomcat-9.0.120\webapps\docs] has finished in [60] ms
10-Aug-2026 00:42:55.497 INFO [main] org.apache.catalina.startup.HostConfig.deployDirectory Deploying web application directory [C:\Drive E\BridgeLabz-Training\Day-5\apache-tomcat-9.0.120\webapps\examples]
10-Aug-2026 00:42:56.809 INFO [main] org.apache.catalina.startup.HostConfig.deployDirectory Deployment of web application directory [C:\Drive E\BridgeLabz-Training\Day-5\apache-tomcat-9.0.120\webapps\examples] has finished in [1,311] ms
10-Aug-2026 00:42:56.810 INFO [main] org.apache.catalina.startup.HostConfig.deployDirectory Deploying web application directory [C:\Drive E\BridgeLabz-Training\Day-5\apache-tomcat-9.0.120\webapps\host-manager]
10-Aug-2026 00:42:56.890 INFO [main] org.apache.catalina.startup.HostConfig.deployDirectory Deployment of web application directory [C:\Drive E\BridgeLabz-Training\Day-5\apache-tomcat-9.0.120\webapps\host-manager] has finished in [81] ms
10-Aug-2026 00:42:56.891 INFO [main] org.apache.catalina.startup.HostConfig.deployDirectory Deploying web application directory [C:\Drive E\BridgeLabz-Training\Day-5\apache-tomcat-9.0.120\webapps\manager]
10-Aug-2026 00:42:56.958 INFO [main] org.apache.catalina.startup.HostConfig.deployDirectory Deployment of web application directory [C:\Drive E\BridgeLabz-Training\Day-5\apache-tomcat-9.0.120\webapps\manager] has finished in [67] ms
10-Aug-2026 00:42:56.959 INFO [main] org.apache.catalina.startup.HostConfig.deployDirectory Deploying web application directory [C:\Drive E\BridgeLabz-Training\Day-5\apache-tomcat-9.0.120\webapps\ROOT]
10-Aug-2026 00:42:57.008 INFO [main] org.apache.catalina.startup.HostConfig.deployDirectory Deployment of web application directory [C:\Drive E\BridgeLabz-Training\Day-5\apache-tomcat-9.0.120\webapps\ROOT] has finished in [49] ms
10-Aug-2026 00:42:57.019 INFO [main] org.apache.coyote.AbstractProtocol.start Starting ProtocolHandler ["http-nio-8080"]
10-Aug-2026 00:42:57.135 INFO [main] org.apache.catalina.startup.Catalina.start Server startup in [2443] milliseconds
10-Aug-2026 00:45:33.061 INFO [main] org.apache.catalina.startup.VersionLoggerListener.log Server version name:   Apache Tomcat/9.0.120
10-Aug-2026 00:45:33.067 INFO [main] org.apache.catalina.startup.VersionLoggerListener.log Server built:          Jul 3 2026 07:49:53 UTC
10-Aug-2026 00:45:33.067 INFO [main] org.apache.catalina.startup.VersionLoggerListener.log Server version number: 9.0.120.0
10-Aug-2026 00:45:33.067 INFO [main] org.apache.catalina.startup.VersionLoggerListener.log OS Name:               Windows 11
10-Aug-2026 00:45:33.068 INFO [main] org.apache.catalina.startup.VersionLoggerListener.log OS Version:            10.0
10-Aug-2026 00:45:33.068 INFO [main] org.apache.catalina.startup.VersionLoggerListener.log Architecture:          amd64
10-Aug-2026 00:45:33.068 INFO [main] org.apache.catalina.startup.VersionLoggerListener.log Java Home:             C:\Program Files\Java\jdk-17
10-Aug-2026 00:45:33.069 INFO [main] org.apache.catalina.startup.VersionLoggerListener.log JVM Version:           17.0.8+9-LTS-211
10-Aug-2026 00:45:33.069 INFO [main] org.apache.catalina.startup.VersionLoggerListener.log JVM Vendor:            Oracle Corporation
10-Aug-2026 00:45:33.069 INFO [main] org.apache.catalina.startup.VersionLoggerListener.log CATALINA_BASE:         C:\Drive E\BridgeLabz-Training\Day-5\apache-tomcat-9.0.120
10-Aug-2026 00:45:33.070 INFO [main] org.apache.catalina.startup.VersionLoggerListener.log CATALINA_HOME:         C:\Drive E\BridgeLabz-Training\Day-5\apache-tomcat-9.0.120
10-Aug-2026 00:45:33.083 INFO [main] org.apache.catalina.startup.VersionLoggerListener.log Command line argument: --add-opens=java.base/java.lang=ALL-UNNAMED
10-Aug-2026 00:45:33.083 INFO [main] org.apache.catalina.startup.VersionLoggerListener.log Command line argument: --add-opens=java.base/java.lang.invoke=ALL-UNNAMED
10-Aug-2026 00:45:33.084 INFO [main] org.apache.catalina.startup.VersionLoggerListener.log Command line argument: --add-opens=java.base/java.lang.reflect=ALL-UNNAMED
10-Aug-2026 00:45:33.084 INFO [main] org.apache.catalina.startup.VersionLoggerListener.log Command line argument: --add-opens=java.base/java.io=ALL-UNNAMED
10-Aug-2026 00:45:33.084 INFO [main] org.apache.catalina.startup.VersionLoggerListener.log Command line argument: --add-opens=java.base/java.util=ALL-UNNAMED
10-Aug-2026 00:45:33.084 INFO [main] org.apache.catalina.startup.VersionLoggerListener.log Command line argument: --add-opens=java.base/java.util.concurrent=ALL-UNNAMED
10-Aug-2026 00:45:33.085 INFO [main] org.apache.catalina.startup.VersionLoggerListener.log Command line argument: --add-opens=java.rmi/sun.rmi.transport=ALL-UNNAMED
10-Aug-2026 00:45:33.085 INFO [main] org.apache.catalina.startup.VersionLoggerListener.log Command line argument: -Djava.util.logging.config.file=C:\Drive E\BridgeLabz-Training\Day-5\apache-tomcat-9.0.120\conf\logging.properties
10-Aug-2026 00:45:33.085 INFO [main] org.apache.catalina.startup.VersionLoggerListener.log Command line argument: -Djava.util.logging.manager=org.apache.juli.ClassLoaderLogManager
10-Aug-2026 00:45:33.085 INFO [main] org.apache.catalina.startup.VersionLoggerListener.log Command line argument: -Djdk.tls.ephemeralDHKeySize=2048
10-Aug-2026 00:45:33.086 INFO [main] org.apache.catalina.startup.VersionLoggerListener.log Command line argument: -Djava.protocol.handler.pkgs=org.apache.catalina.webresources
10-Aug-2026 00:45:33.086 INFO [main] org.apache.catalina.startup.VersionLoggerListener.log Command line argument: -Dsun.io.useCanonCaches=false
10-Aug-2026 00:45:33.086 INFO [main] org.apache.catalina.startup.VersionLoggerListener.log Command line argument: -Dignore.endorsed.dirs=
10-Aug-2026 00:45:33.086 INFO [main] org.apache.catalina.startup.VersionLoggerListener.log Command line argument: -Dcatalina.base=C:\Drive E\BridgeLabz-Training\Day-5\apache-tomcat-9.0.120
10-Aug-2026 00:45:33.087 INFO [main] org.apache.catalina.startup.VersionLoggerListener.log Command line argument: -Dcatalina.home=C:\Drive E\BridgeLabz-Training\Day-5\apache-tomcat-9.0.120
10-Aug-2026 00:45:33.087 INFO [main] org.apache.catalina.startup.VersionLoggerListener.log Command line argument: -Djava.io.tmpdir=C:\Drive E\BridgeLabz-Training\Day-5\apache-tomcat-9.0.120\temp
10-Aug-2026 00:45:33.093 INFO [main] org.apache.catalina.core.AprLifecycleListener.lifecycleEvent The Apache Tomcat Native library which allows using OpenSSL was not found on the java.library.path: [C:\Program Files\Java\jdk-17\bin;C:\WINDOWS\Sun\Java\bin;C:\WINDOWS\system32;C:\WINDOWS;C:\Program Files\Common Files\Oracle\Java\javapath;C:\WINDOWS\system32;C:\WINDOWS;C:\WINDOWS\System32\Wbem;C:\WINDOWS\System32\WindowsPowerShell\v1.0\;C:\WINDOWS\System32\OpenSSH\;C:\Program Files\Git\cmd;C:\Program Files\nodejs\;C:\Program Files\Docker\Docker\resources\bin;C:\Program Files\Cloudflare\Cloudflare WARP\;C:\Program Files\MySQL\MySQL Shell 8.0\bin\;C:\Users\gdivy\AppData\Local\Microsoft\WindowsApps;;C:\Users\gdivy\AppData\Local\Programs\Microsoft VS Code\bin;C:\Users\gdivy\AppData\Roaming\npm;.]
10-Aug-2026 00:45:33.414 INFO [main] org.apache.coyote.AbstractProtocol.init Initializing ProtocolHandler ["http-nio-8080"]
10-Aug-2026 00:45:33.461 INFO [main] org.apache.catalina.startup.Catalina.load Server initialization in [608] milliseconds
10-Aug-2026 00:45:33.559 INFO [main] org.apache.catalina.core.StandardService.startInternal Starting service [Catalina]
10-Aug-2026 00:45:33.560 INFO [main] org.apache.catalina.core.StandardEngine.startInternal Starting Servlet engine: [Apache Tomcat/9.0.120]
10-Aug-2026 00:45:33.599 INFO [main] org.apache.catalina.startup.HostConfig.deployWAR Deploying web application archive [C:\Drive E\BridgeLabz-Training\Day-5\apache-tomcat-9.0.120\webapps\FirstServletProject.war]
10-Aug-2026 00:45:34.152 INFO [main] org.apache.catalina.startup.HostConfig.deployWAR Deployment of web application archive [C:\Drive E\BridgeLabz-Training\Day-5\apache-tomcat-9.0.120\webapps\FirstServletProject.war] has finished in [554] ms
10-Aug-2026 00:45:34.154 INFO [main] org.apache.catalina.startup.HostConfig.deployDirectory Deploying web application directory [C:\Drive E\BridgeLabz-Training\Day-5\apache-tomcat-9.0.120\webapps\docs]
10-Aug-2026 00:45:34.209 INFO [main] org.apache.catalina.startup.HostConfig.deployDirectory Deployment of web application directory [C:\Drive E\BridgeLabz-Training\Day-5\apache-tomcat-9.0.120\webapps\docs] has finished in [55] ms
10-Aug-2026 00:45:34.210 INFO [main] org.apache.catalina.startup.HostConfig.deployDirectory Deploying web application directory [C:\Drive E\BridgeLabz-Training\Day-5\apache-tomcat-9.0.120\webapps\examples]
10-Aug-2026 00:45:34.698 INFO [main] org.apache.catalina.startup.HostConfig.deployDirectory Deployment of web application directory [C:\Drive E\BridgeLabz-Training\Day-5\apache-tomcat-9.0.120\webapps\examples] has finished in [489] ms
10-Aug-2026 00:45:34.699 INFO [main] org.apache.catalina.startup.HostConfig.deployDirectory Deploying web application directory [C:\Drive E\BridgeLabz-Training\Day-5\apache-tomcat-9.0.120\webapps\host-manager]
10-Aug-2026 00:45:34.754 INFO [main] org.apache.catalina.startup.HostConfig.deployDirectory Deployment of web application directory [C:\Drive E\BridgeLabz-Training\Day-5\apache-tomcat-9.0.120\webapps\host-manager] has finished in [56] ms
10-Aug-2026 00:45:34.755 INFO [main] org.apache.catalina.startup.HostConfig.deployDirectory Deploying web application directory [C:\Drive E\BridgeLabz-Training\Day-5\apache-tomcat-9.0.120\webapps\manager]
10-Aug-2026 00:45:34.806 INFO [main] org.apache.catalina.startup.HostConfig.deployDirectory Deployment of web application directory [C:\Drive E\BridgeLabz-Training\Day-5\apache-tomcat-9.0.120\webapps\manager] has finished in [50] ms
10-Aug-2026 00:45:34.806 INFO [main] org.apache.catalina.startup.HostConfig.deployDirectory Deploying web application directory [C:\Drive E\BridgeLabz-Training\Day-5\apache-tomcat-9.0.120\webapps\ROOT]
10-Aug-2026 00:45:34.843 INFO [main] org.apache.catalina.startup.HostConfig.deployDirectory Deployment of web application directory [C:\Drive E\BridgeLabz-Training\Day-5\apache-tomcat-9.0.120\webapps\ROOT] has finished in [36] ms
10-Aug-2026 00:45:34.854 INFO [main] org.apache.coyote.AbstractProtocol.start Starting ProtocolHandler ["http-nio-8080"]
10-Aug-2026 00:45:34.941 INFO [main] org.apache.catalina.startup.Catalina.start Server startup in [1479] milliseconds
