09-Aug-2026 22:55:35.354 INFO [main] org.apache.catalina.core.ApplicationContext.log ContextListener: contextInitialized()
09-Aug-2026 22:55:35.355 INFO [main] org.apache.catalina.core.ApplicationContext.log SessionListener: contextInitialized()
09-Aug-2026 22:55:35.358 INFO [main] org.apache.catalina.core.ApplicationContext.log ContextListener: attributeAdded('StockTicker', 'async.Stockticker@7876d598')
09-Aug-2026 23:07:09.040 INFO [main] org.apache.catalina.core.ApplicationContext.log ContextListener: contextInitialized()
09-Aug-2026 23:07:09.041 INFO [main] org.apache.catalina.core.ApplicationContext.log SessionListener: contextInitialized()
09-Aug-2026 23:07:09.044 INFO [main] org.apache.catalina.core.ApplicationContext.log ContextListener: attributeAdded('StockTicker', 'async.Stockticker@61078690')
09-Aug-2026 23:13:00.587 INFO [main] org.apache.catalina.core.ApplicationContext.log ContextListener: contextInitialized()
09-Aug-2026 23:13:00.587 INFO [main] org.apache.catalina.core.ApplicationContext.log SessionListener: contextInitialized()
09-Aug-2026 23:13:00.590 INFO [main] org.apache.catalina.core.ApplicationContext.log ContextListener: attributeAdded('StockTicker', 'async.Stockticker@1cb3ec38')
09-Aug-2026 23:13:08.706 INFO [main] org.apache.catalina.core.ApplicationContext.log SessionListener: contextDestroyed()
09-Aug-2026 23:13:08.706 INFO [main] org.apache.catalina.core.ApplicationContext.log ContextListener: contextDestroyed()
09-Aug-2026 23:16:44.383 INFO [main] org.apache.catalina.core.ApplicationContext.log ContextListener: contextInitialized()
09-Aug-2026 23:16:44.384 INFO [main] org.apache.catalina.core.ApplicationContext.log SessionListener: contextInitialized()
09-Aug-2026 23:16:44.387 INFO [main] org.apache.catalina.core.ApplicationContext.log ContextListener: attributeAdded('StockTicker', 'async.Stockticker@7876d598')
09-Aug-2026 23:24:00.457 INFO [main] org.apache.catalina.core.ApplicationContext.log SessionListener: contextDestroyed()
09-Aug-2026 23:24:00.457 INFO [main] org.apache.catalina.core.ApplicationContext.log ContextListener: contextDestroyed()
09-Aug-2026 23:24:56.281 INFO [main] org.apache.catalina.core.ApplicationContext.log ContextListener: contextInitialized()
09-Aug-2026 23:24:56.281 INFO [main] org.apache.catalina.core.ApplicationContext.log SessionListener: contextInitialized()
09-Aug-2026 23:24:56.284 INFO [main] org.apache.catalina.core.ApplicationContext.log ContextListener: attributeAdded('StockTicker', 'async.Stockticker@71c5b236')
09-Aug-2026 23:26:03.325 INFO [main] org.apache.catalina.core.ApplicationContext.log SessionListener: contextDestroyed()
09-Aug-2026 23:26:03.325 INFO [main] org.apache.catalina.core.ApplicationContext.log ContextListener: contextDestroyed()
